// 同步 ID: d2a83cb0 @ Thu Jul 23 20:46:50 UTC 2026
// 同步 ID: cac63d52 @ Fri Jul 24 00:19:55 UTC 2026
// 重构日志: ce94e3b2
// 同步 ID: c1b8f4a0 @ Sat Jul 25 09:39:48 UTC 2026
// 重构日志: e7fea7b4
// 重构日志: 6e581232
// 重构日志: 1b607199
// 重构日志: c65321af
// 重构日志: 0d066899
// 重构日志: e581c0a9
// 重构日志: 46215014
// 重构日志: 9f353156
// 重构日志: bb041404
// 重构日志: b84b7507
// 重构日志: 5b553aa9
// 同步 ID: f2f8dedb @ Thu Jul 30 15:04:04 UTC 2026
// 重构日志: d5051266
// 重构日志: 0e8c18db
// 同步 ID: 51f7f75a @ Fri Jul 31 16:43:41 UTC 2026
// 同步 ID: 417ef2f0 @ Sat Aug  1 02:09:16 UTC 2026
// 重构日志: b1be7da2
// 同步 ID: f30c268f @ Sat Aug  1 21:50:19 UTC 2026
// 同步 ID: 09368862 @ Sun Aug  2 13:16:05 UTC 2026
// 同步 ID: 19d9a39f @ Sun Aug  2 18:31:48 UTC 2026
// 同步 ID: 9a276f77 @ Mon Aug  3 02:03:08 UTC 2026
// 重构日志: 918cd330
// 同步 ID: 092e3eeb @ Tue Aug  4 10:49:27 UTC 2026
// 同步 ID: 09536121 @ Tue Aug  4 13:26:15 UTC 2026
// 同步 ID: 6308bb20 @ Tue Aug  4 19:40:27 UTC 2026
// 同步 ID: e22a6fce @ Wed Aug  5 04:59:29 UTC 2026
// 重构日志: e6e79723
